[34m[INFO](B[m Package aylurs-gtk-shell not installed, skipping.
[34m[INFO](B[m Package dunst not installed, skipping.
[34m[INFO](B[m Package cachyos-hyprland-settings not installed, skipping.
[34m[INFO](B[m Package mako not installed, skipping.
[33m[NOTE](B[m removing rofi ...
checking dependencies...
:: uwsm optionally requires rofi-wayland: optional picker for uuctl support

Package (1)  Old Version  Net Change

rofi         2.0.0-1.1     -1.16 MiB

Total Removed Size:  1.16 MiB

:: Do you want to remove these packages? [Y/n] 
:: Processing package changes...
removing rofi...
:: Running post-transaction hooks...
(1/3) Arming ConditionNeedsUpdate...
(2/3) Updating icon theme caches...
(3/3) Updating the desktop file MIME type cache...
checking dependencies...
:: uwsm optionally requires rofi-wayland: optional picker for uuctl support

Package (1)  Old Version  Net Change

rofi         2.0.0-1.1     -1.16 MiB

Total Removed Size:  1.16 MiB

:: Do you want to remove these packages? [Y/n] 
:: Processing package changes...
removing rofi...
:: Running post-transaction hooks...
(1/3) Arming ConditionNeedsUpdate...
(2/3) Updating icon theme caches...
(3/3) Updating the desktop file MIME type cache...
[1A[K[32m[OK](B[m rofi removed.
[34m[INFO](B[m Package wallust-git not installed, skipping.
[34m[INFO](B[m Package rofi-lbonn-wayland not installed, skipping.
[34m[INFO](B[m Package rofi-lbonn-wayland-git not installed, skipping.
Sync Explicit (1): bc-1.08.2-1.1
resolving dependencies...
looking for conflicting packages...

Package (1)          New Version  Net Change

cachyos-extra-v4/bc  1.08.2-1.1     0.22 MiB

Total Installed Size:  0.22 MiB

:: Proceed with installation? [Y/n] 
checking keyring...
checking package integrity...
loading package files...
checking for file conflicts...
checking available disk space...
:: Processing package changes...
installing bc...
:: Running post-transaction hooks...
(1/2) Arming ConditionNeedsUpdate...
(2/2) Updating the info directory file...
Sync Explicit (1): hyprpolkitagent-0.1.3-9.1
resolving dependencies...
looking for conflicting packages...

Package (2)                           New Version  Net Change

cachyos-extra-v4/hyprland-qt-support  0.1.0-13.1     0.46 MiB
cachyos-extra-v4/hyprpolkitagent      0.1.3-9.1      0.22 MiB

Total Installed Size:  0.68 MiB

:: Proceed with installation? [Y/n] 
checking keyring...
checking package integrity...
loading package files...
checking for file conflicts...
checking available disk space...
:: Processing package changes...
installing hyprland-qt-support...
installing hyprpolkitagent...
:: Running post-transaction hooks...
(1/2) Reloading user manager configuration...
(2/2) Arming ConditionNeedsUpdate...
Sync Explicit (1): rofi-2.0.0-1.1
resolving dependencies...
looking for conflicting packages...

Package (1)            New Version  Net Change

cachyos-extra-v4/rofi  2.0.0-1.1      1.16 MiB

Total Installed Size:  1.16 MiB

:: Proceed with installation? [Y/n] 
checking keyring...
checking package integrity...
loading package files...
checking for file conflicts...
checking available disk space...
:: Processing package changes...
installing rofi...
:: Running post-transaction hooks...
(1/3) Arming ConditionNeedsUpdate...
(2/3) Updating icon theme caches...
(3/3) Updating the desktop file MIME type cache...
Sync Explicit (1): swappy-1.8.0-1.1
resolving dependencies...
looking for conflicting packages...

Package (1)              New Version  Net Change

cachyos-extra-v4/swappy  1.8.0-1.1      0.13 MiB

Total Installed Size:  0.13 MiB

:: Proceed with installation? [Y/n] 
checking keyring...
checking package integrity...
loading package files...
checking for file conflicts...
checking available disk space...
:: Processing package changes...
installing swappy...
Optional dependencies for swappy
    wl-clipboard: copy to clipboard support [installed]
    otf-font-awesome: to draw the paint icons properly [installed]
:: Running post-transaction hooks...
(1/3) Arming ConditionNeedsUpdate...
(2/3) Updating icon theme caches...
(3/3) Updating the desktop file MIME type cache...
Sync Explicit (1): wlogout-1.2.2-0
resolving dependencies...
looking for conflicting packages...

Package (1)      New Version  Net Change  Download Size

cachyos/wlogout  1.2.2-0        0.12 MiB       0.09 MiB

Total Download Size:   0.09 MiB
Total Installed Size:  0.12 MiB

:: Proceed with installation? [Y/n] 
:: Retrieving packages...
 wlogout-1.2.2-0-x86_64 downloading...
checking keyring...
checking package integrity...
loading package files...
checking for file conflicts...
checking available disk space...
:: Processing package changes...
installing wlogout...
:: Running post-transaction hooks...
(1/1) Arming ConditionNeedsUpdate...
