[34m[INFO](B[m Package aylurs-gtk-shell not installed, skipping.
[34m[INFO](B[m Package dunst not installed, skipping.
[34m[INFO](B[m Package cachyos-hyprland-settings not installed, skipping.
[33m[NOTE](B[m removing mako ...
checking dependencies...

Package (1)  Old Version  Net Change

mako         1.11.0-1.1    -0.16 MiB

Total Removed Size:  0.16 MiB

:: Do you want to remove these packages? [Y/n] 
:: Processing package changes...
removing mako...
:: Running post-transaction hooks...
(1/2) Reloading user manager configuration...
(2/2) Arming ConditionNeedsUpdate...
checking dependencies...

Package (1)  Old Version  Net Change

mako         1.11.0-1.1    -0.16 MiB

Total Removed Size:  0.16 MiB

:: Do you want to remove these packages? [Y/n] 
:: Processing package changes...
removing mako...
:: Running post-transaction hooks...
(1/2) Reloading user manager configuration...
(2/2) Arming ConditionNeedsUpdate...
[1A[K[32m[OK](B[m mako removed.
[33m[NOTE](B[m removing rofi ...
checking dependencies...
:: uwsm optionally requires rofi-wayland: optional picker for uuctl support

Package (1)  Old Version  Net Change

rofi         2.0.0-1.1     -1.16 MiB

Total Removed Size:  1.16 MiB

:: Do you want to remove these packages? [Y/n] 
:: Processing package changes...
removing rofi...
:: Running post-transaction hooks...
(1/3) Arming ConditionNeedsUpdate...
(2/3) Updating icon theme caches...
(3/3) Updating the desktop file MIME type cache...
checking dependencies...
:: uwsm optionally requires rofi-wayland: optional picker for uuctl support

Package (1)  Old Version  Net Change

rofi         2.0.0-1.1     -1.16 MiB

Total Removed Size:  1.16 MiB

:: Do you want to remove these packages? [Y/n] 
:: Processing package changes...
removing rofi...
:: Running post-transaction hooks...
(1/3) Arming ConditionNeedsUpdate...
(2/3) Updating icon theme caches...
(3/3) Updating the desktop file MIME type cache...
[1A[K[32m[OK](B[m rofi removed.
[34m[INFO](B[m Package wallust-git not installed, skipping.
[34m[INFO](B[m Package rofi-lbonn-wayland not installed, skipping.
[34m[INFO](B[m Package rofi-lbonn-wayland-git not installed, skipping.
Sync Explicit (1): rofi-2.0.0-1.1
resolving dependencies...
looking for conflicting packages...

Package (1)            New Version  Net Change

cachyos-extra-v4/rofi  2.0.0-1.1      1.16 MiB

Total Installed Size:  1.16 MiB

:: Proceed with installation? [Y/n] 
checking keyring...
checking package integrity...
loading package files...
checking for file conflicts...
checking available disk space...
:: Processing package changes...
installing rofi...
:: Running post-transaction hooks...
(1/3) Arming ConditionNeedsUpdate...
(2/3) Updating icon theme caches...
(3/3) Updating the desktop file MIME type cache...
